// Jest Snapshot v1, https://goo.gl/fbAQLP

exports[`Extracts type information from file 1`] = `
Array [
  Object {
    "constructors": Array [
      Object {
        "description": "constructor documentation",
        "parameters": Array [
          Object {
            "description": "my parameter documentation",
            "name": "a",
            "raw": "Props",
            "required": true,
            "type": "shape",
            "value": Array [
              Object {
                "description": "gallery description",
                "name": "gallery",
                "raw": "Gallery",
                "required": true,
                "type": "shape",
                "value": Array [
                  Object {
                    "description": "mainImage description",
                    "name": "mainImage",
                    "raw": "Image",
                    "required": true,
                    "type": "shape",
                    "value": Array [
                      Object {
                        "description": "src description",
                        "name": "src",
                        "raw": "string",
                        "required": true,
                        "type": "string",
                        "value": "string",
                      },
                      Object {
                        "description": "showLoading description",
                        "name": "showLoading",
                        "raw": "boolean",
                        "required": true,
                        "type": "boolean",
                        "value": Array [
                          Object {
                            "description": "",
                            "name": "false",
                            "raw": "false",
                            "type": "boolean",
                            "value": "false",
                          },
                          Object {
                            "description": "",
                            "name": "true",
                            "raw": "true",
                            "type": "boolean",
                            "value": "true",
                          },
                        ],
                      },
                      Object {
                        "description": "imgType description",
                        "name": "imgType",
                        "raw": "ImageType",
                        "required": true,
                        "type": "enum",
                        "value": Array [
                          Object {
                            "description": "JPG description",
                            "name": "JPG",
                            "raw": "ImageType.JPG",
                            "type": "number",
                            "value": 0,
                          },
                          Object {
                            "description": "WEBP description",
                            "name": "WEBP",
                            "raw": "ImageType.WEBP",
                            "type": "number",
                            "value": 1,
                          },
                          Object {
                            "description": "GIF description",
                            "name": "GIF",
                            "raw": "ImageType.GIF",
                            "type": "string",
                            "value": "gif",
                          },
                        ],
                      },
                    ],
                  },
                  Object {
                    "description": "pages description",
                    "name": "pages",
                    "raw": "Page[]",
                    "required": true,
                    "type": "array",
                    "value": Array [
                      Object {
                        "description": "",
                        "name": "__type",
                        "raw": "Page",
                        "type": "shape",
                        "value": Array [
                          Object {
                            "description": "index description",
                            "name": "index",
                            "raw": "number",
                            "required": true,
                            "type": "string",
                            "value": "number",
                          },
                          Object {
                            "description": "image description",
                            "name": "image",
                            "raw": "Image",
                            "required": true,
                            "type": "shape",
                            "value": Array [
                              Object {
                                "description": "src description",
                                "name": "src",
                                "raw": "string",
                                "required": true,
                                "type": "string",
                                "value": "string",
                              },
                              Object {
                                "description": "showLoading description",
                                "name": "showLoading",
                                "raw": "boolean",
                                "required": true,
                                "type": "boolean",
                                "value": Array [
                                  Object {
                                    "description": "",
                                    "name": "false",
                                    "raw": "false",
                                    "type": "boolean",
                                    "value": "false",
                                  },
                                  Object {
                                    "description": "",
                                    "name": "true",
                                    "raw": "true",
                                    "type": "boolean",
                                    "value": "true",
                                  },
                                ],
                              },
                              Object {
                                "description": "imgType description",
                                "name": "imgType",
                                "raw": "ImageType",
                                "required": true,
                                "type": "enum",
                                "value": Array [
                                  Object {
                                    "description": "JPG description",
                                    "name": "JPG",
                                    "raw": "ImageType.JPG",
                                    "type": "number",
                                    "value": 0,
                                  },
                                  Object {
                                    "description": "WEBP description",
                                    "name": "WEBP",
                                    "raw": "ImageType.WEBP",
                                    "type": "number",
                                    "value": 1,
                                  },
                                  Object {
                                    "description": "GIF description",
                                    "name": "GIF",
                                    "raw": "ImageType.GIF",
                                    "type": "string",
                                    "value": "gif",
                                  },
                                ],
                              },
                            ],
                          },
                        ],
                      },
                    ],
                  },
                ],
              },
              Object {
                "description": "empty array",
                "name": "test",
                "raw": "[]",
                "required": true,
                "type": "array",
                "value": "none",
              },
              Object {
                "description": "any array",
                "name": "test2",
                "raw": "any[]",
                "required": true,
                "type": "array",
                "value": Array [
                  Object {
                    "description": "",
                    "name": "any",
                    "raw": "any",
                    "type": "any",
                    "value": "any",
                  },
                ],
              },
              Object {
                "description": "as const",
                "name": "constProp",
                "raw": "readonly [\\"name\\", \\"message\\", \\"number\\", \\"fileName\\", \\"lineno\\", \\"colno\\"]",
                "required": false,
                "type": "enum",
                "value": Array [
                  Object {
                    "description": "",
                    "name": "\\"name\\"",
                    "raw": "\\"name\\"",
                    "type": "string",
                    "value": "name",
                  },
                  Object {
                    "description": "",
                    "name": "\\"message\\"",
                    "raw": "\\"message\\"",
                    "type": "string",
                    "value": "message",
                  },
                  Object {
                    "description": "",
                    "name": "\\"number\\"",
                    "raw": "\\"number\\"",
                    "type": "string",
                    "value": "number",
                  },
                  Object {
                    "description": "",
                    "name": "\\"fileName\\"",
                    "raw": "\\"fileName\\"",
                    "type": "string",
                    "value": "fileName",
                  },
                  Object {
                    "description": "",
                    "name": "\\"lineno\\"",
                    "raw": "\\"lineno\\"",
                    "type": "string",
                    "value": "lineno",
                  },
                  Object {
                    "description": "",
                    "name": "\\"colno\\"",
                    "raw": "\\"colno\\"",
                    "type": "string",
                    "value": "colno",
                  },
                ],
              },
              Object {
                "callSignature": Array [
                  Object {
                    "description": "",
                    "parameters": Array [
                      Object {
                        "description": "",
                        "name": "page",
                        "raw": "Page",
                        "required": true,
                        "type": "shape",
                        "value": Array [
                          Object {
                            "description": "index description",
                            "name": "index",
                            "raw": "number",
                            "required": true,
                            "type": "string",
                            "value": "number",
                          },
                          Object {
                            "description": "image description",
                            "name": "image",
                            "raw": "Image",
                            "required": true,
                            "type": "shape",
                            "value": Array [
                              Object {
                                "description": "src description",
                                "name": "src",
                                "raw": "string",
                                "required": true,
                                "type": "string",
                                "value": "string",
                              },
                              Object {
                                "description": "showLoading description",
                                "name": "showLoading",
                                "raw": "boolean",
                                "required": true,
                                "type": "boolean",
                                "value": Array [
                                  Object {
                                    "description": "",
                                    "name": "false",
                                    "raw": "false",
                                    "type": "boolean",
                                    "value": "false",
                                  },
                                  Object {
                                    "description": "",
                                    "name": "true",
                                    "raw": "true",
                                    "type": "boolean",
                                    "value": "true",
                                  },
                                ],
                              },
                              Object {
                                "description": "imgType description",
                                "name": "imgType",
                                "raw": "ImageType",
                                "required": true,
                                "type": "enum",
                                "value": Array [
                                  Object {
                                    "description": "JPG description",
                                    "name": "JPG",
                                    "raw": "ImageType.JPG",
                                    "type": "number",
                                    "value": 0,
                                  },
                                  Object {
                                    "description": "WEBP description",
                                    "name": "WEBP",
                                    "raw": "ImageType.WEBP",
                                    "type": "number",
                                    "value": 1,
                                  },
                                  Object {
                                    "description": "GIF description",
                                    "name": "GIF",
                                    "raw": "ImageType.GIF",
                                    "type": "string",
                                    "value": "gif",
                                  },
                                ],
                              },
                            ],
                          },
                        ],
                      },
                    ],
                    "returnType": "boolean",
                  },
                  Object {
                    "description": "",
                    "parameters": Array [
                      Object {
                        "description": "",
                        "name": "page",
                        "raw": "Page",
                        "required": true,
                        "type": "shape",
                        "value": Array [
                          Object {
                            "description": "index description",
                            "name": "index",
                            "raw": "number",
                            "required": true,
                            "type": "string",
                            "value": "number",
                          },
                          Object {
                            "description": "image description",
                            "name": "image",
                            "raw": "Image",
                            "required": true,
                            "type": "shape",
                            "value": Array [
                              Object {
                                "description": "src description",
                                "name": "src",
                                "raw": "string",
                                "required": true,
                                "type": "string",
                                "value": "string",
                              },
                              Object {
                                "description": "showLoading description",
                                "name": "showLoading",
                                "raw": "boolean",
                                "required": true,
                                "type": "boolean",
                                "value": Array [
                                  Object {
                                    "description": "",
                                    "name": "false",
                                    "raw": "false",
                                    "type": "boolean",
                                    "value": "false",
                                  },
                                  Object {
                                    "description": "",
                                    "name": "true",
                                    "raw": "true",
                                    "type": "boolean",
                                    "value": "true",
                                  },
                                ],
                              },
                              Object {
                                "description": "imgType description",
                                "name": "imgType",
                                "raw": "ImageType",
                                "required": true,
                                "type": "enum",
                                "value": Array [
                                  Object {
                                    "description": "JPG description",
                                    "name": "JPG",
                                    "raw": "ImageType.JPG",
                                    "type": "number",
                                    "value": 0,
                                  },
                                  Object {
                                    "description": "WEBP description",
                                    "name": "WEBP",
                                    "raw": "ImageType.WEBP",
                                    "type": "number",
                                    "value": 1,
                                  },
                                  Object {
                                    "description": "GIF description",
                                    "name": "GIF",
                                    "raw": "ImageType.GIF",
                                    "type": "string",
                                    "value": "gif",
                                  },
                                ],
                              },
                            ],
                          },
                        ],
                      },
                      Object {
                        "description": "",
                        "name": "isDefault",
                        "raw": "boolean",
                        "required": true,
                        "type": "boolean",
                        "value": Array [
                          Object {
                            "description": "",
                            "name": "false",
                            "raw": "false",
                            "type": "boolean",
                            "value": "false",
                          },
                          Object {
                            "description": "",
                            "name": "true",
                            "raw": "true",
                            "type": "boolean",
                            "value": "true",
                          },
                        ],
                      },
                    ],
                    "returnType": "boolean",
                  },
                ],
                "description": "function",
                "name": "showPage",
                "raw": "{ (page: Page): boolean; (page: Page, isDefault: boolean): boolean; }",
                "required": false,
                "type": "function",
                "value": "{ (page: Page): boolean; (page: Page, isDefault: boolean): boolean; }",
              },
              Object {
                "description": "shaped object",
                "name": "report",
                "raw": "ErrorReport",
                "required": false,
                "type": "shape",
                "value": Array [
                  Object {
                    "description": "",
                    "name": "number",
                    "raw": "any",
                    "required": false,
                    "type": "any",
                    "value": "any",
                  },
                  Object {
                    "description": "",
                    "name": "name",
                    "raw": "any",
                    "required": false,
                    "type": "any",
                    "value": "any",
                  },
                  Object {
                    "description": "",
                    "name": "message",
                    "raw": "any",
                    "required": false,
                    "type": "any",
                    "value": "any",
                  },
                  Object {
                    "description": "",
                    "name": "fileName",
                    "raw": "any",
                    "required": false,
                    "type": "any",
                    "value": "any",
                  },
                  Object {
                    "description": "",
                    "name": "lineno",
                    "raw": "any",
                    "required": false,
                    "type": "any",
                    "value": "any",
                  },
                  Object {
                    "description": "",
                    "name": "colno",
                    "raw": "any",
                    "required": false,
                    "type": "any",
                    "value": "any",
                  },
                ],
              },
              Object {
                "description": "inline union",
                "name": "optional",
                "raw": "boolean | 123",
                "required": false,
                "type": "enum",
                "value": Array [
                  Object {
                    "description": "",
                    "name": "false",
                    "raw": "false",
                    "type": "boolean",
                    "value": "false",
                  },
                  Object {
                    "description": "",
                    "name": "true",
                    "raw": "true",
                    "type": "boolean",
                    "value": "true",
                  },
                  Object {
                    "description": "",
                    "name": "123",
                    "raw": "123",
                    "type": "number",
                    "value": 123,
                  },
                ],
              },
            ],
          },
        ],
        "returnType": "Component",
      },
    ],
    "description": "Documentation for C",
    "name": "default",
    "type": Object {
      "description": "Documentation for C",
      "name": "default",
      "raw": "typeof Component",
      "required": true,
      "type": "shape",
      "value": Array [
        Object {
          "description": "",
          "name": "prototype",
          "raw": "any",
          "required": true,
          "type": "string",
          "value": "error",
        },
      ],
    },
  },
]
`;
