// Jest Snapshot v1, https://goo.gl/fbAQLP

exports[`Extracts type information from file 1`] = `
Array [
  Object {
    "constructors": Array [
      Object {
        "documentation": "constructor documentation",
        "parameters": Array [
          Object {
            "documentation": "my parameter documentation",
            "isOptional": false,
            "name": "a",
            "type": "shape",
            "value": Array [
              Object {
                "documentation": "gallery description",
                "isOptional": false,
                "name": "gallery",
                "type": "shape",
                "value": Array [
                  Object {
                    "documentation": "mainImage description",
                    "isOptional": false,
                    "name": "mainImage",
                    "type": "shape",
                    "value": Array [
                      Object {
                        "documentation": "src description",
                        "isOptional": false,
                        "name": "src",
                        "type": "string",
                        "value": "string",
                      },
                      Object {
                        "documentation": "showLoading description",
                        "isOptional": false,
                        "name": "showLoading",
                        "type": "boolean",
                        "value": "true | false",
                      },
                      Object {
                        "documentation": "imgType description",
                        "isOptional": false,
                        "name": "imgType",
                        "type": "enum",
                        "value": Array [
                          Object {
                            "documentation": "JPG description",
                            "name": "JPG",
                            "type": "number",
                            "value": 0,
                          },
                          Object {
                            "documentation": "WEBP description",
                            "name": "WEBP",
                            "type": "number",
                            "value": 1,
                          },
                          Object {
                            "documentation": "GIF description",
                            "name": "GIF",
                            "type": "string",
                            "value": "\\"gif\\"",
                          },
                        ],
                      },
                    ],
                  },
                  Object {
                    "documentation": "pages description",
                    "isOptional": false,
                    "name": "pages",
                    "type": "array",
                    "value": Array [
                      Object {
                        "documentation": "",
                        "name": "Page",
                        "type": "shape",
                        "value": Array [
                          Object {
                            "documentation": "index description",
                            "isOptional": false,
                            "name": "index",
                            "type": "string",
                            "value": "number",
                          },
                          Object {
                            "documentation": "image description",
                            "isOptional": false,
                            "name": "image",
                            "type": "shape",
                            "value": Array [
                              Object {
                                "documentation": "src description",
                                "isOptional": false,
                                "name": "src",
                                "type": "string",
                                "value": "string",
                              },
                              Object {
                                "documentation": "showLoading description",
                                "isOptional": false,
                                "name": "showLoading",
                                "type": "boolean",
                                "value": "true | false",
                              },
                              Object {
                                "documentation": "imgType description",
                                "isOptional": false,
                                "name": "imgType",
                                "type": "enum",
                                "value": Array [
                                  Object {
                                    "documentation": "JPG description",
                                    "name": "JPG",
                                    "type": "number",
                                    "value": 0,
                                  },
                                  Object {
                                    "documentation": "WEBP description",
                                    "name": "WEBP",
                                    "type": "number",
                                    "value": 1,
                                  },
                                  Object {
                                    "documentation": "GIF description",
                                    "name": "GIF",
                                    "type": "string",
                                    "value": "\\"gif\\"",
                                  },
                                ],
                              },
                            ],
                          },
                        ],
                      },
                    ],
                  },
                ],
              },
              Object {
                "documentation": "empty array",
                "isOptional": false,
                "name": "test",
                "type": "array",
                "value": "none",
              },
              Object {
                "documentation": "any array",
                "isOptional": false,
                "name": "test2",
                "type": "array",
                "value": Array [
                  Object {
                    "documentation": "",
                    "name": "any",
                    "type": "any",
                    "value": "any",
                  },
                ],
              },
              Object {
                "documentation": "as const",
                "isOptional": true,
                "name": "constProp",
                "type": "enum",
                "value": Array [
                  Object {
                    "documentation": "",
                    "name": "\\"name\\"",
                    "type": "string",
                    "value": "\\"name\\"",
                  },
                  Object {
                    "documentation": "",
                    "name": "\\"message\\"",
                    "type": "string",
                    "value": "\\"message\\"",
                  },
                  Object {
                    "documentation": "",
                    "name": "\\"number\\"",
                    "type": "string",
                    "value": "\\"number\\"",
                  },
                  Object {
                    "documentation": "",
                    "name": "\\"fileName\\"",
                    "type": "string",
                    "value": "\\"fileName\\"",
                  },
                  Object {
                    "documentation": "",
                    "name": "\\"lineno\\"",
                    "type": "string",
                    "value": "\\"lineno\\"",
                  },
                  Object {
                    "documentation": "",
                    "name": "\\"colno\\"",
                    "type": "string",
                    "value": "\\"colno\\"",
                  },
                ],
              },
              Object {
                "documentation": "function",
                "isOptional": true,
                "name": "showPage",
                "type": "function",
                "value": Array [
                  Object {
                    "documentation": "",
                    "parameters": Array [
                      Object {
                        "documentation": "",
                        "isOptional": false,
                        "name": "page",
                        "type": "shape",
                        "value": Array [
                          Object {
                            "documentation": "index description",
                            "isOptional": false,
                            "name": "index",
                            "type": "string",
                            "value": "number",
                          },
                          Object {
                            "documentation": "image description",
                            "isOptional": false,
                            "name": "image",
                            "type": "shape",
                            "value": Array [
                              Object {
                                "documentation": "src description",
                                "isOptional": false,
                                "name": "src",
                                "type": "string",
                                "value": "string",
                              },
                              Object {
                                "documentation": "showLoading description",
                                "isOptional": false,
                                "name": "showLoading",
                                "type": "boolean",
                                "value": "true | false",
                              },
                              Object {
                                "documentation": "imgType description",
                                "isOptional": false,
                                "name": "imgType",
                                "type": "enum",
                                "value": Array [
                                  Object {
                                    "documentation": "JPG description",
                                    "name": "JPG",
                                    "type": "number",
                                    "value": 0,
                                  },
                                  Object {
                                    "documentation": "WEBP description",
                                    "name": "WEBP",
                                    "type": "number",
                                    "value": 1,
                                  },
                                  Object {
                                    "documentation": "GIF description",
                                    "name": "GIF",
                                    "type": "string",
                                    "value": "\\"gif\\"",
                                  },
                                ],
                              },
                            ],
                          },
                        ],
                      },
                    ],
                    "returnType": "boolean",
                  },
                  Object {
                    "documentation": "",
                    "parameters": Array [
                      Object {
                        "documentation": "",
                        "isOptional": false,
                        "name": "page",
                        "type": "shape",
                        "value": Array [
                          Object {
                            "documentation": "index description",
                            "isOptional": false,
                            "name": "index",
                            "type": "string",
                            "value": "number",
                          },
                          Object {
                            "documentation": "image description",
                            "isOptional": false,
                            "name": "image",
                            "type": "shape",
                            "value": Array [
                              Object {
                                "documentation": "src description",
                                "isOptional": false,
                                "name": "src",
                                "type": "string",
                                "value": "string",
                              },
                              Object {
                                "documentation": "showLoading description",
                                "isOptional": false,
                                "name": "showLoading",
                                "type": "boolean",
                                "value": "true | false",
                              },
                              Object {
                                "documentation": "imgType description",
                                "isOptional": false,
                                "name": "imgType",
                                "type": "enum",
                                "value": Array [
                                  Object {
                                    "documentation": "JPG description",
                                    "name": "JPG",
                                    "type": "number",
                                    "value": 0,
                                  },
                                  Object {
                                    "documentation": "WEBP description",
                                    "name": "WEBP",
                                    "type": "number",
                                    "value": 1,
                                  },
                                  Object {
                                    "documentation": "GIF description",
                                    "name": "GIF",
                                    "type": "string",
                                    "value": "\\"gif\\"",
                                  },
                                ],
                              },
                            ],
                          },
                        ],
                      },
                      Object {
                        "documentation": "",
                        "isOptional": false,
                        "name": "isDefault",
                        "type": "boolean",
                        "value": "true | false",
                      },
                    ],
                    "returnType": "boolean",
                  },
                ],
              },
              Object {
                "documentation": "shaped object",
                "isOptional": true,
                "name": "report",
                "type": "shape",
                "value": Array [
                  Object {
                    "documentation": "",
                    "isOptional": true,
                    "name": "number",
                    "type": "string",
                    "value": "error",
                  },
                  Object {
                    "documentation": "",
                    "isOptional": true,
                    "name": "name",
                    "type": "string",
                    "value": "error",
                  },
                  Object {
                    "documentation": "",
                    "isOptional": true,
                    "name": "message",
                    "type": "string",
                    "value": "error",
                  },
                  Object {
                    "documentation": "",
                    "isOptional": true,
                    "name": "fileName",
                    "type": "string",
                    "value": "error",
                  },
                  Object {
                    "documentation": "",
                    "isOptional": true,
                    "name": "lineno",
                    "type": "string",
                    "value": "error",
                  },
                  Object {
                    "documentation": "",
                    "isOptional": true,
                    "name": "colno",
                    "type": "string",
                    "value": "error",
                  },
                ],
              },
              Object {
                "documentation": "inline union",
                "isOptional": true,
                "name": "optional",
                "type": "enum",
                "value": Array [
                  Object {
                    "documentation": "",
                    "name": "false",
                    "type": "boolean",
                    "value": "undefined",
                  },
                  Object {
                    "documentation": "",
                    "name": "true",
                    "type": "boolean",
                    "value": "undefined",
                  },
                  Object {
                    "documentation": "",
                    "name": "123",
                    "type": "number",
                    "value": 123,
                  },
                ],
              },
            ],
          },
        ],
        "returnType": "Component",
      },
    ],
    "documentation": "Documentation for C",
    "name": "default",
    "type": Object {
      "documentation": "Documentation for C",
      "isOptional": false,
      "name": "default",
      "type": "shape",
      "value": Array [
        Object {
          "documentation": "",
          "isOptional": false,
          "name": "prototype",
          "type": "string",
          "value": "error",
        },
      ],
    },
  },
]
`;
